\BOOKMARK [1][-]{section.1}{\376\377\000A\000r\000c\000h\000i\000t\000e\000c\000t\000u\000r\000e\000\040\000D\000i\000a\000g\000r\000a\000m}{}% 1
\BOOKMARK [2][-]{subsection.1.1}{\376\377\000C\000o\000m\000p\000o\000n\000e\000n\000t\000\040\000S\000u\000m\000m\000a\000r\000y}{section.1}% 2
\BOOKMARK [1][-]{section.2}{\376\377\000A\000z\000u\000r\000e\000\040\000R\000e\000s\000o\000u\000r\000c\000e\000s}{}% 3
\BOOKMARK [2][-]{subsection.2.1}{\376\377\000A\000z\000u\000r\000e\000\040\000O\000p\000e\000n\000A\000I\000\040\000D\000e\000p\000l\000o\000y\000m\000e\000n\000t\000s}{section.2}% 4
\BOOKMARK [2][-]{subsection.2.2}{\376\377\000A\000z\000u\000r\000e\000\040\000C\000o\000s\000m\000o\000s\000\040\000D\000B}{section.2}% 5
\BOOKMARK [2][-]{subsection.2.3}{\376\377\000A\000z\000u\000r\000e\000\040\000A\000I\000\040\000F\000o\000u\000n\000d\000r\000y\000\040\000A\000g\000e\000n\000t\000\040\000w\000i\000t\000h\000\040\000B\000i\000n\000g\000\040\000G\000r\000o\000u\000n\000d\000i\000n\000g}{section.2}% 6
\BOOKMARK [1][-]{section.3}{\376\377\000T\000e\000s\000t\000\040\000R\000e\000s\000u\000l\000t\000s}{}% 7
\BOOKMARK [2][-]{subsection.3.1}{\376\377\000U\000n\000i\000t\000\040\000T\000e\000s\000t\000s}{section.3}% 8
\BOOKMARK [2][-]{subsection.3.2}{\376\377\000S\000y\000s\000t\000e\000m\000\040\000H\000e\000a\000l\000t\000h\000\040\000C\000h\000e\000c\000k}{section.3}% 9
\BOOKMARK [1][-]{section.4}{\376\377\000L\000L\000M\000-\000a\000s\000-\000J\000u\000d\000g\000e\000\040\000E\000v\000a\000l\000u\000a\000t\000i\000o\000n}{}% 10
\BOOKMARK [2][-]{subsection.4.1}{\376\377\000E\000v\000a\000l\000u\000a\000t\000i\000o\000n\000\040\000C\000r\000i\000t\000e\000r\000i\000a\000\040\000a\000n\000d\000\040\000W\000e\000i\000g\000h\000t\000s}{section.4}% 11
\BOOKMARK [2][-]{subsection.4.2}{\376\377\000E\000v\000a\000l\000u\000a\000t\000i\000o\000n\000\040\000R\000e\000s\000u\000l\000t\000s}{section.4}% 12
\BOOKMARK [1][-]{section.5}{\376\377\000R\000A\000G\000\040\000I\000m\000p\000l\000e\000m\000e\000n\000t\000a\000t\000i\000o\000n}{}% 13
\BOOKMARK [2][-]{subsection.5.1}{\376\377\000K\000n\000o\000w\000l\000e\000d\000g\000e\000\040\000B\000a\000s\000e}{section.5}% 14
\BOOKMARK [2][-]{subsection.5.2}{\376\377\000E\000m\000b\000e\000d\000d\000i\000n\000g\000\040\000C\000o\000n\000f\000i\000g\000u\000r\000a\000t\000i\000o\000n}{section.5}% 15
\BOOKMARK [2][-]{subsection.5.3}{\376\377\000R\000A\000G\000\040\000I\000n\000g\000e\000s\000t\000i\000o\000n\000\040\000R\000e\000s\000u\000l\000t\000s}{section.5}% 16
\BOOKMARK [1][-]{section.6}{\376\377\000K\000e\000y\000\040\000I\000m\000p\000l\000e\000m\000e\000n\000t\000a\000t\000i\000o\000n\000\040\000D\000e\000t\000a\000i\000l\000s}{}% 17
\BOOKMARK [2][-]{subsection.6.1}{\376\377\0008\000-\000P\000h\000a\000s\000e\000\040\000S\000t\000a\000t\000e\000\040\000M\000a\000c\000h\000i\000n\000e}{section.6}% 18
\BOOKMARK [2][-]{subsection.6.2}{\376\377\000T\000o\000o\000l\000\040\000I\000n\000t\000e\000g\000r\000a\000t\000i\000o\000n}{section.6}% 19
\BOOKMARK [2][-]{subsection.6.3}{\376\377\000P\000y\000d\000a\000n\000t\000i\000c\000\040\000O\000u\000t\000p\000u\000t\000\040\000V\000a\000l\000i\000d\000a\000t\000i\000o\000n}{section.6}% 20
\BOOKMARK [2][-]{subsection.6.4}{\376\377\000B\000i\000n\000g\000\040\000G\000r\000o\000u\000n\000d\000i\000n\000g\000\040\000I\000n\000t\000e\000g\000r\000a\000t\000i\000o\000n}{section.6}% 21
\BOOKMARK [1][-]{section.7}{\376\377\000C\000o\000n\000c\000l\000u\000s\000i\000o\000n\000s}{}% 22
\BOOKMARK [2][-]{subsection.7.1}{\376\377\000T\000e\000c\000h\000n\000o\000l\000o\000g\000y\000\040\000S\000t\000a\000c\000k\000\040\000S\000u\000m\000m\000a\000r\000y}{section.7}% 23
\BOOKMARK [2][-]{subsection.7.2}{\376\377\000R\000e\000p\000o\000s\000i\000t\000o\000r\000y}{section.7}% 24
